// Vitest Snapshot v1

exports[`App > renders 1`] = `
<DocumentFragment>
  <div
    id="app"
  >
    <div>
      Here is the app
    </div>
    <div
      class="foo"
    >
      1
    </div>
    <div>
      http://localhost:3000
    </div>
    <div>
      1234
    </div>
  </div>
</DocumentFragment>
`;
